src/app/dashboard/[...slug]/page.tsx(37,14): error TS2304: Cannot find name 'CategoryDashboardPage'.
src/components/dashboard/BahanBakuPage.tsx(540,14): error TS2741: Property 'onSubmit' is missing in type '{ isOpen: boolean; onClose: () => void; productSlug: string; initialData: any; }' but required in type 'MutasiModalProps'.
